[stukram.mikhailmasterov.com/html/home-5.html]
[stukram.mikhailmasterov.com/html/css/vendors.css]
[stukram.mikhailmasterov.com/html/img/favicon/apple-icon-57x57.png]
[stukram.mikhailmasterov.com/html/css/main.css]
[stukram.mikhailmasterov.com/html/img/favicon/apple-icon-60x60.png]
[stukram.mikhailmasterov.com/html/img/favicon/apple-icon-72x72.png]
[stukram.mikhailmasterov.com/html/img/favicon/apple-icon-76x76.png]
[stukram.mikhailmasterov.com/html/img/favicon/apple-icon-114x114.png]
[stukram.mikhailmasterov.com/html/img/favicon/apple-icon-120x120.png]
[stukram.mikhailmasterov.com/html/img/favicon/apple-icon-144x144.png]
[stukram.mikhailmasterov.com/html/img/favicon/apple-icon-152x152.png]
[stukram.mikhailmasterov.com/html/img/favicon/apple-icon-180x180.png]
[stukram.mikhailmasterov.com/html/img/favicon/android-icon-192x192.png]
[stukram.mikhailmasterov.com/html/img/favicon/favicon-32x32.png]
[stukram.mikhailmasterov.com/html/img/favicon/favicon-96x96.png]
[stukram.mikhailmasterov.com/html/img/favicon/favicon-16x16.png]
[stukram.mikhailmasterov.com/html/img/favicon/manifest.json]
[stukram.mikhailmasterov.com/html/img/favicon/ms-icon-144x144.png]
[backblue.gif]
[fade.gif]
[index.html]
[stukram.mikhailmasterov.com/html/img/general/loader.svg]
[stukram.mikhailmasterov.com/html/home-1.html]
[stukram.mikhailmasterov.com/html/home-1-classic.html]
[stukram.mikhailmasterov.com/html/home-2.html]
[stukram.mikhailmasterov.com/html/home-3.html]
[stukram.mikhailmasterov.com/html/home-4.html]
[stukram.mikhailmasterov.com/html/home-6.html]
[stukram.mikhailmasterov.com/html/projectSlider-1.html]
[stukram.mikhailmasterov.com/html/about-1.html]
[stukram.mikhailmasterov.com/html/about-2.html]
[stukram.mikhailmasterov.com/html/services-1.html]
[stukram.mikhailmasterov.com/html/services-2.html]
[stukram.mikhailmasterov.com/html/404-light.html]
[stukram.mikhailmasterov.com/html/404-dark.html]
[stukram.mikhailmasterov.com/html/contact-1.html]
[stukram.mikhailmasterov.com/html/contact-2.html]
[stukram.mikhailmasterov.com/html/team.html]
[stukram.mikhailmasterov.com/html/pricing.html]
[stukram.mikhailmasterov.com/html/clients.html]
[stukram.mikhailmasterov.com/html/vertical-projects.html]
[stukram.mikhailmasterov.com/html/grid-simple-2-col.html]
[stukram.mikhailmasterov.com/html/grid-masonry-2-col.html]
[stukram.mikhailmasterov.com/html/grid-masonry-3-col.html]
[stukram.mikhailmasterov.com/html/grid-masonry-4-col.html]
[stukram.mikhailmasterov.com/html/grid-fancy-2-col.html]
[stukram.mikhailmasterov.com/html/grid-fancy-3-col.html]
[stukram.mikhailmasterov.com/html/portfolio-single-1.html]
[stukram.mikhailmasterov.com/html/portfolio-single-2.html]
[stukram.mikhailmasterov.com/html/portfolio-single-3.html]
[stukram.mikhailmasterov.com/html/portfolio-single-4.html]
[stukram.mikhailmasterov.com/html/portfolio-single-5.html]
[stukram.mikhailmasterov.com/html/portfolio-single-6.html]
[stukram.mikhailmasterov.com/html/blog-1.html]
[stukram.mikhailmasterov.com/html/blog-2.html]
[stukram.mikhailmasterov.com/html/blog-fancy-3-col.html]
[stukram.mikhailmasterov.com/html/blog-article.html]
[stukram.mikhailmasterov.com/html/img/backgrounds/2.jpg]
[stukram.mikhailmasterov.com/html/img/projects/vertical/1.jpg]
[stukram.mikhailmasterov.com/html/img/projects/vertical/2.jpg]
[stukram.mikhailmasterov.com/html/img/projects/vertical/3.jpg]
[stukram.mikhailmasterov.com/html/img/projects/vertical/4.jpg]
[stukram.mikhailmasterov.com/html/img/projects/vertical/5.jpg]
[stukram.mikhailmasterov.com/html/img/projects/vertical/6.jpg]
[stukram.mikhailmasterov.com/html/img/backgrounds/5.jpg]
[stukram.mikhailmasterov.com/html/js/vendors.js]
[stukram.mikhailmasterov.com/html/js/main.js]
[stukram.mikhailmasterov.com/html/home-5.html]
[stukram.mikhailmasterov.com/html/fonts/fontawesome-webfont3e6e.eot]
[stukram.mikhailmasterov.com/html/fonts/fontawesome-webfontd41d.eot]
[stukram.mikhailmasterov.com/html/fonts/fontawesome-webfont3e6e.woff2]
[stukram.mikhailmasterov.com/html/fonts/fontawesome-webfont3e6e.woff]
[stukram.mikhailmasterov.com/html/fonts/fontawesome-webfont3e6e.ttf]
[stukram.mikhailmasterov.com/html/fonts/icomoona910.eot]
[stukram.mikhailmasterov.com/html/fonts/icomoona910.ttf]
[stukram.mikhailmasterov.com/html/fonts/fontawesome-webfont3e6e.svg]
[stukram.mikhailmasterov.com/html/fonts/icomoona910.woff]
[stukram.mikhailmasterov.com/html/css/vendors.css]
[stukram.mikhailmasterov.com/html/css/main.css]
[stukram.mikhailmasterov.com/html/img/general/loader.svg]
[stukram.mikhailmasterov.com/html/img/headers/home-1-slider/1.jpg]
[stukram.mikhailmasterov.com/html/img/headers/home-1-slider/2.jpg]
[stukram.mikhailmasterov.com/html/img/headers/home-1-slider/3.jpg]
[stukram.mikhailmasterov.com/html/img/headers/home-1-slider/4.jpg]
[stukram.mikhailmasterov.com/html/img/clients/dark/1.png]
[stukram.mikhailmasterov.com/html/img/clients/dark/2.png]
[stukram.mikhailmasterov.com/html/img/clients/dark/3.png]
[stukram.mikhailmasterov.com/html/img/clients/dark/4.png]
[stukram.mikhailmasterov.com/html/img/clients/dark/5.png]
[stukram.mikhailmasterov.com/html/img/clients/dark/6.png]
[stukram.mikhailmasterov.com/html/img/clients/dark/7.png]
[stukram.mikhailmasterov.com/html/img/clients/dark/8.png]
[stukram.mikhailmasterov.com/html/img/backgrounds/8.jpg]
[stukram.mikhailmasterov.com/html/img/testimonials/1.jpg]
[stukram.mikhailmasterov.com/html/img/testimonials/2.jpg]
[stukram.mikhailmasterov.com/html/img/testimonials/3.jpg]
[stukram.mikhailmasterov.com/html/img/blog/thumbnail/1.jpg]
[stukram.mikhailmasterov.com/html/img/blog/thumbnail/2.jpg]
[stukram.mikhailmasterov.com/html/img/blog/thumbnail/3.jpg]
[stukram.mikhailmasterov.com/html/home-1.html]
[stukram.mikhailmasterov.com/html/img/logo/logo-light.png]
[stukram.mikhailmasterov.com/html/img/logo/logo-dark.png]
[stukram.mikhailmasterov.com/html/img/backgrounds/7.jpg]
[stukram.mikhailmasterov.com/html/home-1-classic.html]
[stukram.mikhailmasterov.com/html/img/team/1.jpg]
[stukram.mikhailmasterov.com/html/img/team/2.jpg]
[stukram.mikhailmasterov.com/html/img/team/3.jpg]
[stukram.mikhailmasterov.com/html/img/team/4.jpg]
[stukram.mikhailmasterov.com/html/img/team/5.jpg]
[stukram.mikhailmasterov.com/html/img/backgrounds/3.jpg]
[stukram.mikhailmasterov.com/html/home-2.html]
[stukram.mikhailmasterov.com/html/img/projects/square/2.jpg]
[stukram.mikhailmasterov.com/html/img/projects/horizontal/1.jpg]
[stukram.mikhailmasterov.com/html/img/projects/square/3.jpg]
[stukram.mikhailmasterov.com/html/img/projects/vertical/7.jpg]
[stukram.mikhailmasterov.com/html/img/projects/square/8.jpg]
[stukram.mikhailmasterov.com/html/img/projects/square/6.jpg]
[stukram.mikhailmasterov.com/html/img/projects/horizontal/9.jpg]
[stukram.mikhailmasterov.com/html/img/projects/square/5.jpg]
[stukram.mikhailmasterov.com/html/img/backgrounds/6.jpg]
[stukram.mikhailmasterov.com/html/img/backgrounds/10.jpg]
[stukram.mikhailmasterov.com/html/img/clients/light/1.png]
[stukram.mikhailmasterov.com/html/img/clients/light/2.png]
[stukram.mikhailmasterov.com/html/img/clients/light/3.png]
[stukram.mikhailmasterov.com/html/img/clients/light/4.png]
[stukram.mikhailmasterov.com/html/img/clients/light/5.png]
[stukram.mikhailmasterov.com/html/img/clients/light/6.png]
[stukram.mikhailmasterov.com/html/img/clients/light/7.png]
[stukram.mikhailmasterov.com/html/img/clients/light/8.png]
[stukram.mikhailmasterov.com/html/home-3.html]
[stukram.mikhailmasterov.com/html/img/backgrounds/1.jpg]
[stukram.mikhailmasterov.com/html/img/projects/square/1.jpg]
[stukram.mikhailmasterov.com/html/img/projects/square/4.jpg]
[stukram.mikhailmasterov.com/html/img/backgrounds/4.jpg]
[stukram.mikhailmasterov.com/html/img/team/6.jpg]
[stukram.mikhailmasterov.com/html/home-4.html]
[stukram.mikhailmasterov.com/html/home-6.html]
[stukram.mikhailmasterov.com/html/img/projects/horizontal/2.jpg]
[stukram.mikhailmasterov.com/html/img/projects/horizontal/4.jpg]
[stukram.mikhailmasterov.com/html/img/projects/horizontal/5.jpg]
[stukram.mikhailmasterov.com/html/img/projects/horizontal/6.jpg]
[stukram.mikhailmasterov.com/html/projectSlider-1.html]
[stukram.mikhailmasterov.com/html/about-1.html]
[stukram.mikhailmasterov.com/html/about-2.html]
[stukram.mikhailmasterov.com/html/services-1.html]
[stukram.mikhailmasterov.com/html/services-2.html]
[stukram.mikhailmasterov.com/html/404-light.html]
[stukram.mikhailmasterov.com/html/404-dark.html]
[stukram.mikhailmasterov.com/html/contact-1.html]
[stukram.mikhailmasterov.com/html/contact-2.html]
[stukram.mikhailmasterov.com/html/team.html]
[stukram.mikhailmasterov.com/html/pricing.html]
[stukram.mikhailmasterov.com/html/clients.html]
[stukram.mikhailmasterov.com/html/img/backgrounds/9.jpg]
[stukram.mikhailmasterov.com/html/vertical-projects.html]
[stukram.mikhailmasterov.com/html/img/projects/square/7.jpg]
[stukram.mikhailmasterov.com/html/img/projects/square/9.jpg]
[stukram.mikhailmasterov.com/html/img/projects/square/10.jpg]
[stukram.mikhailmasterov.com/html/grid-simple-2-col.html]
[stukram.mikhailmasterov.com/html/img/projects/horizontal/3.jpg]
[stukram.mikhailmasterov.com/html/img/projects/horizontal/7.jpg]
[stukram.mikhailmasterov.com/html/grid-masonry-2-col.html]
[stukram.mikhailmasterov.com/html/grid-masonry-3-col.html]
[stukram.mikhailmasterov.com/html/grid-masonry-4-col.html]
[stukram.mikhailmasterov.com/html/img/projects/vertical/8.jpg]
[stukram.mikhailmasterov.com/html/img/projects/vertical/9.jpg]
[stukram.mikhailmasterov.com/html/img/projects/vertical/10.jpg]
[stukram.mikhailmasterov.com/html/grid-fancy-2-col.html]
[stukram.mikhailmasterov.com/html/grid-fancy-3-col.html]
[stukram.mikhailmasterov.com/html/img/project1/wide-1.jpg]
[stukram.mikhailmasterov.com/html/img/project1/slider-1.jpg]
[stukram.mikhailmasterov.com/html/img/project1/slider-2.jpg]
[stukram.mikhailmasterov.com/html/img/project1/slider-3.jpg]
[stukram.mikhailmasterov.com/html/img/project1/wide-2.jpg]
[stukram.mikhailmasterov.com/html/portfolio-single-1.html]
[stukram.mikhailmasterov.com/html/img/project2/wide-1.jpg]
[stukram.mikhailmasterov.com/html/img/project2/long-1.jpg]
[stukram.mikhailmasterov.com/html/img/project2/long-2.jpg]
[stukram.mikhailmasterov.com/html/img/project2/long-3.jpg]
[stukram.mikhailmasterov.com/html/img/project2/long-4.jpg]
[stukram.mikhailmasterov.com/html/portfolio-single-2.html]
[stukram.mikhailmasterov.com/html/img/project3/square-1.jpg]
[stukram.mikhailmasterov.com/html/img/project3/square-2.jpg]
[stukram.mikhailmasterov.com/html/img/project3/wide-1.jpg]
[stukram.mikhailmasterov.com/html/img/project3/square-3.jpg]
[stukram.mikhailmasterov.com/html/img/project3/square-4.jpg]
[stukram.mikhailmasterov.com/html/img/project3/wide-2.jpg]
[stukram.mikhailmasterov.com/html/portfolio-single-3.html]
[stukram.mikhailmasterov.com/html/img/project4/wide-1.jpg]
[stukram.mikhailmasterov.com/html/img/project4/wide-2.jpg]
[stukram.mikhailmasterov.com/html/img/project4/square-1.jpg]
[stukram.mikhailmasterov.com/html/img/project4/square-2.jpg]
[stukram.mikhailmasterov.com/html/img/project4/wide-3.jpg]
[stukram.mikhailmasterov.com/html/portfolio-single-4.html]
[stukram.mikhailmasterov.com/html/img/project5/slider-1.jpg]
[stukram.mikhailmasterov.com/html/img/project5/slider-2.jpg]
[stukram.mikhailmasterov.com/html/img/project5/slider-3.jpg]
[stukram.mikhailmasterov.com/html/img/project5/long-1.jpg]
[stukram.mikhailmasterov.com/html/img/project5/long-2.jpg]
[stukram.mikhailmasterov.com/html/img/project5/long-3.jpg]
[stukram.mikhailmasterov.com/html/img/project5/long-4.jpg]
[stukram.mikhailmasterov.com/html/img/project5/long-5.jpg]
[stukram.mikhailmasterov.com/html/img/project5/long-6.jpg]
[stukram.mikhailmasterov.com/html/portfolio-single-5.html]
[stukram.mikhailmasterov.com/html/img/project6/long-1.jpg]
[stukram.mikhailmasterov.com/html/img/project6/long-2.jpg]
[stukram.mikhailmasterov.com/html/img/project6/long-3.jpg]
[stukram.mikhailmasterov.com/html/img/project6/wide-1.jpg]
[stukram.mikhailmasterov.com/html/portfolio-single-6.html]
[stukram.mikhailmasterov.com/html/img/blog/main/1.jpg]
[stukram.mikhailmasterov.com/html/img/blog/main/2.jpg]
[stukram.mikhailmasterov.com/html/img/blog/main/3.jpg]
[stukram.mikhailmasterov.com/html/img/blog/main/4.jpg]
[stukram.mikhailmasterov.com/html/img/blog/main/5.jpg]
[stukram.mikhailmasterov.com/html/img/blog/main/6.jpg]
[stukram.mikhailmasterov.com/html/blog-1.html]
[stukram.mikhailmasterov.com/html/blog-2.html]
[stukram.mikhailmasterov.com/html/blog-fancy-3-col.html]
[stukram.mikhailmasterov.com/html/img/avatars/1.jpg]
[stukram.mikhailmasterov.com/html/img/avatars/2.jpg]
[stukram.mikhailmasterov.com/html/img/avatars/4.jpg]
[stukram.mikhailmasterov.com/html/blog-article.html]
[stukram.mikhailmasterov.com/html/js/vendors.js]
[stukram.mikhailmasterov.com/html/js/main.js]
[stukram.mikhailmasterov.com/html/fonts/fontawesome-webfont3e6e.svg]
[stukram.mikhailmasterov.com/html/fonts/icomoona910.svg]
[stukram.mikhailmasterov.com/html/stukram@example.html]
[stukram.mikhailmasterov.com/html/hello@stukram.html]
[stukram.mikhailmasterov.com/html/Version/index.html]
[stukram.mikhailmasterov.com/html/version/index-2.html]
[stukram.mikhailmasterov.com/html/GET.html]
[stukram.mikhailmasterov.com/html/node.html]
[stukram.mikhailmasterov.com/html/Trident/index.html]
[stukram.mikhailmasterov.com/html/Edge/index.html]
[stukram.mikhailmasterov.com/html/POST.html]
[stukram.mikhailmasterov.com/html/contact.html]
[stukram.mikhailmasterov.com/html/img/avatars/3.jpg]
